18:35:02 **** Incremental Build of configuration Debug for project testing ****
make pre-build main-build 
a9-linaro-pre-build-step
' '
make: Nothing to be done for 'main-build'.
18:35:12 **** Auto Build of configuration Debug for project hello_uart_1 ****
make pre-build main-build 
a9-linaro-pre-build-step
' '
make: Nothing to be done for 'main-build'.
18:35:28 **** Incremental Build of configuration Debug for project hello_uart_1 ****
make pre-build main-build 
a9-linaro-pre-build-step
' '
make: Nothing to be done for 'main-build'.
18:36:41 **** Auto Build of configuration Debug for project tutorial1 ****
make pre-build main-build 
a9-linaro-pre-build-step
' '
make: Nothing to be done for 'main-build'.
18:36:57 **** Incremental Build of configuration Debug for project hello_uart_1 ****
make pre-build main-build 
a9-linaro-pre-build-step
' '
make: Nothing to be done for 'main-build'.
18:37:12 **** Incremental Build of configuration Debug for project hello_uart_1 ****
make pre-build main-build 
a9-linaro-pre-build-step
' '
make: Nothing to be done for 'main-build'.
18:38:10 **** Auto Build of configuration Debug for project hello_uart_1 ****
make pre-build main-build 
a9-linaro-pre-build-step
' '
'Building file: ../src/helloworld.c'
'Invoking: ARM v7 gcc compiler'
arm-none-eabi-gcc -Wall -O0 -g3 -c -fmessage-length=0 -MT"src/helloworld.o" -mcpu=cortex-a9 -mfpu=vfpv3 -mfloat-abi=hard -I../../hello_uart_1_bsp/ps7_cortexa9_0/include -MMD -MP -MF"src/helloworld.d" -MT"src/helloworld.o" -o "src/helloworld.o" "../src/helloworld.c"
'Finished building: ../src/helloworld.c'
' '
'Building target: hello_uart_1.elf'
'Invoking: ARM v7 gcc linker'
arm-none-eabi-gcc -mcpu=cortex-a9 -mfpu=vfpv3 -mfloat-abi=hard -Wl,-build-id=none -specs=Xilinx.spec -Wl,-T -Wl,../src/lscript.ld -L../../hello_uart_1_bsp/ps7_cortexa9_0/lib -o "hello_uart_1.elf"  ./src/helloworld.o ./src/platform.o   -Wl,--start-group,-lxil,-lgcc,-lc,--end-group
'Finished building target: hello_uart_1.elf'
' '
'Invoking: ARM v7 Print Size'
arm-none-eabi-size hello_uart_1.elf  |tee "hello_uart_1.elf.size"
   text	   data	    bss	    dec	    hex	filename
  19072	   1144	  22568	  42784	   a720	hello_uart_1.elf
'Finished building: hello_uart_1.elf.size'
' '
18:38:25 **** Incremental Build of configuration Debug for project hello_uart_1 ****
make pre-build main-build 
a9-linaro-pre-build-step
' '
make: Nothing to be done for 'main-build'.
