17:49:04 INFO  : Registering command handlers for SDK TCF services
17:49:05 INFO  : Launching XSCT server: xsct.bat -interactive D:\soc\hello_uart_tutorial\hello_uart_tutorial.sdk\temp_xsdb_launch_script.tcl
17:49:09 INFO  : XSCT server has started successfully.
17:49:09 INFO  : Successfully done setting XSCT server connection channel  
17:49:14 INFO  : Successfully done setting SDK workspace  
17:49:14 INFO  : Processing command line option -hwspec D:/soc/hello_uart_tutorial/hello_uart_tutorial.sdk/design_1_wrapper.hdf.
17:52:16 INFO  : Connected to target on host '127.0.0.1' and port '3121'.
17:52:17 INFO  : 'targets -set -filter {jtag_cable_name =~ "Digilent Arty 210319A288EEA" && level==0} -index 1' command is executed.
17:52:19 INFO  : FPGA configured successfully with bitstream "D:/soc/hello_uart_tutorial/hello_uart_tutorial.sdk/design_1_wrapper_hw_platform_0/design_1_wrapper.bit"
17:54:35 INFO  : 'targets -set -filter {jtag_cable_name =~ "Digilent Arty 210319A288EEA" && level==0} -index 1' command is executed.
17:54:35 INFO  : 'fpga -state' command is executed.
17:54:35 INFO  : Connected to target on host '127.0.0.1' and port '3121'.
17:54:35 INFO  : Jtag cable 'Digilent Arty 210319A288EEA' is selected.
17:54:35 INFO  : 'jtag frequency' command is executed.
17:54:35 INFO  : Sourcing of 'D:/soc/hello_uart_tutorial/hello_uart_tutorial.sdk/design_1_wrapper_hw_platform_0/ps7_init.tcl' is done.
17:54:35 INFO  : Context for 'APU' is selected.
17:54:35 INFO  : Hardware design information is loaded from 'D:/soc/hello_uart_tutorial/hello_uart_tutorial.sdk/design_1_wrapper_hw_platform_0/system.hdf'.
17:54:35 INFO  : 'configparams force-mem-access 1' command is executed.
17:54:35 INFO  : Context for 'APU' is selected.
17:54:35 INFO  : 'stop' command is executed.
17:54:36 INFO  : 'ps7_init' command is executed.
17:54:36 INFO  : 'ps7_post_config' command is executed.
17:54:36 INFO  : Context for processor 'ps7_cortexa9_0' is selected.
17:54:36 INFO  : Processor reset is completed for 'ps7_cortexa9_0'.
17:54:36 INFO  : Context for processor 'ps7_cortexa9_0' is selected.
17:54:36 INFO  : The application 'D:/soc/hello_uart_tutorial/hello_uart_tutorial.sdk/hello_uart_1/Debug/hello_uart_1.elf' is downloaded to processor 'ps7_cortexa9_0'.
17:54:36 INFO  : 'configparams force-mem-access 0' command is executed.
17:54:36 INFO  : ----------------XSDB Script----------------
connect -url tcp:127.0.0.1:3121
source D:/soc/hello_uart_tutorial/hello_uart_tutorial.sdk/design_1_wrapper_hw_platform_0/ps7_init.tcl
targets -set -nocase -filter {name =~"APU*" && jtag_cable_name =~ "Digilent Arty 210319A288EEA"} -index 0
loadhw -hw D:/soc/hello_uart_tutorial/hello_uart_tutorial.sdk/design_1_wrapper_hw_platform_0/system.hdf -mem-ranges [list {0x40000000 0xbfffffff}]
configparams force-mem-access 1
targets -set -nocase -filter {name =~"APU*" && jtag_cable_name =~ "Digilent Arty 210319A288EEA"} -index 0
stop
ps7_init
ps7_post_config
targets -set -nocase -filter {name =~ "ARM*#0" && jtag_cable_name =~ "Digilent Arty 210319A288EEA"} -index 0
rst -processor
targets -set -nocase -filter {name =~ "ARM*#0" && jtag_cable_name =~ "Digilent Arty 210319A288EEA"} -index 0
dow D:/soc/hello_uart_tutorial/hello_uart_tutorial.sdk/hello_uart_1/Debug/hello_uart_1.elf
configparams force-mem-access 0
----------------End of Script----------------

17:54:36 INFO  : Memory regions updated for context APU
17:54:36 INFO  : Context for processor 'ps7_cortexa9_0' is selected.
17:54:36 INFO  : 'con' command is executed.
17:54:36 INFO  : ----------------XSDB Script (After Launch)----------------
targets -set -nocase -filter {name =~ "ARM*#0" && jtag_cable_name =~ "Digilent Arty 210319A288EEA"} -index 0
con
----------------End of Script----------------

17:54:36 INFO  : Launch script is exported to file 'D:\soc\hello_uart_tutorial\hello_uart_tutorial.sdk\.sdk\launch_scripts\xilinx_c-c++_application_(system_debugger)\system_debugger_using_debug_hello_uart_1.elf_on_local.tcl'
17:56:47 INFO  : Disconnected from the channel tcfchan#1.
17:56:48 INFO  : 'targets -set -filter {jtag_cable_name =~ "Digilent Arty 210319A288EEA" && level==0} -index 1' command is executed.
17:56:48 INFO  : 'fpga -state' command is executed.
17:56:48 INFO  : Connected to target on host '127.0.0.1' and port '3121'.
17:56:48 INFO  : Jtag cable 'Digilent Arty 210319A288EEA' is selected.
17:56:48 INFO  : 'jtag frequency' command is executed.
17:56:48 INFO  : Sourcing of 'D:/soc/hello_uart_tutorial/hello_uart_tutorial.sdk/design_1_wrapper_hw_platform_0/ps7_init.tcl' is done.
17:56:48 INFO  : Context for 'APU' is selected.
17:56:49 INFO  : Hardware design information is loaded from 'D:/soc/hello_uart_tutorial/hello_uart_tutorial.sdk/design_1_wrapper_hw_platform_0/system.hdf'.
17:56:49 INFO  : 'configparams force-mem-access 1' command is executed.
17:56:49 INFO  : Context for 'APU' is selected.
17:56:49 INFO  : 'stop' command is executed.
17:56:50 INFO  : 'ps7_init' command is executed.
17:56:50 INFO  : 'ps7_post_config' command is executed.
17:56:50 INFO  : Context for processor 'ps7_cortexa9_0' is selected.
17:56:50 INFO  : Processor reset is completed for 'ps7_cortexa9_0'.
17:56:50 INFO  : Context for processor 'ps7_cortexa9_0' is selected.
17:56:50 INFO  : The application 'D:/soc/hello_uart_tutorial/hello_uart_tutorial.sdk/hello_uart_1/Debug/hello_uart_1.elf' is downloaded to processor 'ps7_cortexa9_0'.
17:56:50 INFO  : 'configparams force-mem-access 0' command is executed.
17:56:50 INFO  : ----------------XSDB Script----------------
connect -url tcp:127.0.0.1:3121
source D:/soc/hello_uart_tutorial/hello_uart_tutorial.sdk/design_1_wrapper_hw_platform_0/ps7_init.tcl
targets -set -nocase -filter {name =~"APU*" && jtag_cable_name =~ "Digilent Arty 210319A288EEA"} -index 0
loadhw -hw D:/soc/hello_uart_tutorial/hello_uart_tutorial.sdk/design_1_wrapper_hw_platform_0/system.hdf -mem-ranges [list {0x40000000 0xbfffffff}]
configparams force-mem-access 1
targets -set -nocase -filter {name =~"APU*" && jtag_cable_name =~ "Digilent Arty 210319A288EEA"} -index 0
stop
ps7_init
ps7_post_config
targets -set -nocase -filter {name =~ "ARM*#0" && jtag_cable_name =~ "Digilent Arty 210319A288EEA"} -index 0
rst -processor
targets -set -nocase -filter {name =~ "ARM*#0" && jtag_cable_name =~ "Digilent Arty 210319A288EEA"} -index 0
dow D:/soc/hello_uart_tutorial/hello_uart_tutorial.sdk/hello_uart_1/Debug/hello_uart_1.elf
configparams force-mem-access 0
----------------End of Script----------------

17:56:50 INFO  : Memory regions updated for context APU
17:56:50 INFO  : Context for processor 'ps7_cortexa9_0' is selected.
17:56:50 INFO  : 'con' command is executed.
17:56:50 INFO  : ----------------XSDB Script (After Launch)----------------
targets -set -nocase -filter {name =~ "ARM*#0" && jtag_cable_name =~ "Digilent Arty 210319A288EEA"} -index 0
con
----------------End of Script----------------

17:56:50 INFO  : Launch script is exported to file 'D:\soc\hello_uart_tutorial\hello_uart_tutorial.sdk\.sdk\launch_scripts\xilinx_c-c++_application_(system_debugger)\system_debugger_using_debug_hello_uart_1.elf_on_local.tcl'
17:58:56 INFO  : Disconnected from the channel tcfchan#2.
18:08:34 INFO  : Registering command handlers for SDK TCF services
18:08:35 INFO  : Launching XSCT server: xsct.bat -interactive D:\soc\hello_uart_tutorial\hello_uart_tutorial.sdk\temp_xsdb_launch_script.tcl
18:08:37 INFO  : XSCT server has started successfully.
18:08:37 INFO  : Successfully done setting XSCT server connection channel  
18:08:37 INFO  : Successfully done setting SDK workspace  
18:08:37 INFO  : Processing command line option -hwspec D:/soc/hello_uart_tutorial/hello_uart_tutorial.sdk/design_1_wrapper.hdf.
18:08:37 INFO  : Checking for hwspec changes in the project design_1_wrapper_hw_platform_0.
18:10:17 INFO  : Registering command handlers for SDK TCF services
18:10:18 INFO  : Launching XSCT server: xsct.bat -interactive D:\soc\hello_uart_tutorial\hello_uart_tutorial.sdk\temp_xsdb_launch_script.tcl
18:10:21 INFO  : XSCT server has started successfully.
18:10:21 INFO  : Successfully done setting XSCT server connection channel  
18:10:21 INFO  : Successfully done setting SDK workspace  
18:10:21 INFO  : Processing command line option -hwspec D:/soc/hello_uart_tutorial/hello_uart_tutorial.sdk/design_1_wrapper.hdf.
18:10:21 INFO  : Checking for hwspec changes in the project design_1_wrapper_hw_platform_0.
18:12:47 INFO  : Connected to target on host '127.0.0.1' and port '3121'.
18:12:47 INFO  : 'targets -set -filter {jtag_cable_name =~ "Digilent Arty 210319A288EEA" && level==0} -index 1' command is executed.
18:12:50 INFO  : FPGA configured successfully with bitstream "D:/soc/hello_uart_tutorial/hello_uart_tutorial.sdk/design_1_wrapper_hw_platform_0/design_1_wrapper.bit"
18:13:27 INFO  : 'targets -set -filter {jtag_cable_name =~ "Digilent Arty 210319A288EEA" && level==0} -index 1' command is executed.
18:13:27 INFO  : 'fpga -state' command is executed.
18:13:27 INFO  : Connected to target on host '127.0.0.1' and port '3121'.
18:13:27 INFO  : Jtag cable 'Digilent Arty 210319A288EEA' is selected.
18:13:27 INFO  : 'jtag frequency' command is executed.
18:13:27 INFO  : Sourcing of 'D:/soc/hello_uart_tutorial/hello_uart_tutorial.sdk/design_1_wrapper_hw_platform_0/ps7_init.tcl' is done.
18:13:27 INFO  : Context for 'APU' is selected.
18:13:27 INFO  : Hardware design information is loaded from 'D:/soc/hello_uart_tutorial/hello_uart_tutorial.sdk/design_1_wrapper_hw_platform_0/system.hdf'.
18:13:27 INFO  : 'configparams force-mem-access 1' command is executed.
18:13:27 INFO  : Context for 'APU' is selected.
18:13:28 INFO  : 'stop' command is executed.
18:13:29 INFO  : 'ps7_init' command is executed.
18:13:29 INFO  : 'ps7_post_config' command is executed.
18:13:29 INFO  : Context for processor 'ps7_cortexa9_0' is selected.
18:13:29 INFO  : Processor reset is completed for 'ps7_cortexa9_0'.
18:13:29 INFO  : Context for processor 'ps7_cortexa9_0' is selected.
18:13:31 ERROR : Memory write error at 0x100000. AP transaction timeout
18:13:31 INFO  : ----------------XSDB Script----------------
connect -url tcp:127.0.0.1:3121
source D:/soc/hello_uart_tutorial/hello_uart_tutorial.sdk/design_1_wrapper_hw_platform_0/ps7_init.tcl
targets -set -nocase -filter {name =~"APU*" && jtag_cable_name =~ "Digilent Arty 210319A288EEA"} -index 0
loadhw -hw D:/soc/hello_uart_tutorial/hello_uart_tutorial.sdk/design_1_wrapper_hw_platform_0/system.hdf -mem-ranges [list {0x40000000 0xbfffffff}]
configparams force-mem-access 1
targets -set -nocase -filter {name =~"APU*" && jtag_cable_name =~ "Digilent Arty 210319A288EEA"} -index 0
stop
ps7_init
ps7_post_config
targets -set -nocase -filter {name =~ "ARM*#0" && jtag_cable_name =~ "Digilent Arty 210319A288EEA"} -index 0
rst -processor
targets -set -nocase -filter {name =~ "ARM*#0" && jtag_cable_name =~ "Digilent Arty 210319A288EEA"} -index 0
dow D:/soc/hello_uart_tutorial/hello_uart_tutorial.sdk/tutorial1/Debug/tutorial1.elf
----------------End of Script----------------

18:13:56 INFO  : 'targets -set -filter {jtag_cable_name =~ "Digilent Arty 210319A288EEA" && level==0} -index 1' command is executed.
18:13:56 INFO  : 'fpga -state' command is executed.
18:13:56 INFO  : Connected to target on host '127.0.0.1' and port '3121'.
18:13:56 INFO  : Jtag cable 'Digilent Arty 210319A288EEA' is selected.
18:13:56 INFO  : 'jtag frequency' command is executed.
18:13:56 INFO  : Sourcing of 'D:/soc/hello_uart_tutorial/hello_uart_tutorial.sdk/design_1_wrapper_hw_platform_0/ps7_init.tcl' is done.
18:13:56 INFO  : Context for 'APU' is selected.
18:13:56 INFO  : Hardware design information is loaded from 'D:/soc/hello_uart_tutorial/hello_uart_tutorial.sdk/design_1_wrapper_hw_platform_0/system.hdf'.
18:13:56 INFO  : 'configparams force-mem-access 1' command is executed.
18:13:56 INFO  : Context for 'APU' is selected.
18:13:57 INFO  : 'stop' command is executed.
18:13:57 ERROR : AP transaction error, DAP status f0000021
18:13:57 INFO  : ----------------XSDB Script----------------
connect -url tcp:127.0.0.1:3121
source D:/soc/hello_uart_tutorial/hello_uart_tutorial.sdk/design_1_wrapper_hw_platform_0/ps7_init.tcl
targets -set -nocase -filter {name =~"APU*" && jtag_cable_name =~ "Digilent Arty 210319A288EEA"} -index 0
loadhw -hw D:/soc/hello_uart_tutorial/hello_uart_tutorial.sdk/design_1_wrapper_hw_platform_0/system.hdf -mem-ranges [list {0x40000000 0xbfffffff}]
configparams force-mem-access 1
targets -set -nocase -filter {name =~"APU*" && jtag_cable_name =~ "Digilent Arty 210319A288EEA"} -index 0
stop
ps7_init
----------------End of Script----------------

18:16:01 INFO  : 'targets -set -filter {jtag_cable_name =~ "Digilent Arty 210319A288EEA" && level==0} -index 1' command is executed.
18:16:01 INFO  : 'fpga -state' command is executed.
18:16:01 INFO  : Connected to target on host '127.0.0.1' and port '3121'.
18:16:01 INFO  : Jtag cable 'Digilent Arty 210319A288EEA' is selected.
18:16:01 INFO  : 'jtag frequency' command is executed.
18:16:01 INFO  : Sourcing of 'D:/soc/hello_uart_tutorial/hello_uart_tutorial.sdk/design_1_wrapper_hw_platform_0/ps7_init.tcl' is done.
18:16:01 INFO  : Context for 'APU' is selected.
18:16:01 INFO  : Hardware design information is loaded from 'D:/soc/hello_uart_tutorial/hello_uart_tutorial.sdk/design_1_wrapper_hw_platform_0/system.hdf'.
18:16:01 INFO  : 'configparams force-mem-access 1' command is executed.
18:16:01 INFO  : Context for 'APU' is selected.
18:16:01 INFO  : 'stop' command is executed.
18:16:01 ERROR : AP transaction error, DAP status f0000021
18:16:01 INFO  : ----------------XSDB Script----------------
connect -url tcp:127.0.0.1:3121
source D:/soc/hello_uart_tutorial/hello_uart_tutorial.sdk/design_1_wrapper_hw_platform_0/ps7_init.tcl
targets -set -nocase -filter {name =~"APU*" && jtag_cable_name =~ "Digilent Arty 210319A288EEA"} -index 0
loadhw -hw D:/soc/hello_uart_tutorial/hello_uart_tutorial.sdk/design_1_wrapper_hw_platform_0/system.hdf -mem-ranges [list {0x40000000 0xbfffffff}]
configparams force-mem-access 1
targets -set -nocase -filter {name =~"APU*" && jtag_cable_name =~ "Digilent Arty 210319A288EEA"} -index 0
stop
ps7_init
----------------End of Script----------------

18:16:09 INFO  : 'targets -set -filter {jtag_cable_name =~ "Digilent Arty 210319A288EEA" && level==0} -index 1' command is executed.
18:16:09 INFO  : 'fpga -state' command is executed.
18:16:09 INFO  : Connected to target on host '127.0.0.1' and port '3121'.
18:16:09 INFO  : Jtag cable 'Digilent Arty 210319A288EEA' is selected.
18:16:09 INFO  : 'jtag frequency' command is executed.
18:16:09 INFO  : Sourcing of 'D:/soc/hello_uart_tutorial/hello_uart_tutorial.sdk/design_1_wrapper_hw_platform_0/ps7_init.tcl' is done.
18:16:09 INFO  : Context for 'APU' is selected.
18:16:09 INFO  : Hardware design information is loaded from 'D:/soc/hello_uart_tutorial/hello_uart_tutorial.sdk/design_1_wrapper_hw_platform_0/system.hdf'.
18:16:09 INFO  : 'configparams force-mem-access 1' command is executed.
18:16:09 INFO  : Context for 'APU' is selected.
18:16:09 INFO  : 'stop' command is executed.
18:16:09 ERROR : AP transaction error, DAP status f0000021
18:16:09 INFO  : ----------------XSDB Script----------------
connect -url tcp:127.0.0.1:3121
source D:/soc/hello_uart_tutorial/hello_uart_tutorial.sdk/design_1_wrapper_hw_platform_0/ps7_init.tcl
targets -set -nocase -filter {name =~"APU*" && jtag_cable_name =~ "Digilent Arty 210319A288EEA"} -index 0
loadhw -hw D:/soc/hello_uart_tutorial/hello_uart_tutorial.sdk/design_1_wrapper_hw_platform_0/system.hdf -mem-ranges [list {0x40000000 0xbfffffff}]
configparams force-mem-access 1
targets -set -nocase -filter {name =~"APU*" && jtag_cable_name =~ "Digilent Arty 210319A288EEA"} -index 0
stop
ps7_init
----------------End of Script----------------

18:17:19 INFO  : 'targets -set -filter {jtag_cable_name =~ "Digilent Arty 210319A288EEA" && level==0} -index 1' command is executed.
18:17:19 INFO  : 'fpga -state' command is executed.
18:17:19 INFO  : Connected to target on host '127.0.0.1' and port '3121'.
18:17:19 INFO  : Jtag cable 'Digilent Arty 210319A288EEA' is selected.
18:17:19 INFO  : 'jtag frequency' command is executed.
18:17:19 INFO  : Sourcing of 'D:/soc/hello_uart_tutorial/hello_uart_tutorial.sdk/design_1_wrapper_hw_platform_0/ps7_init.tcl' is done.
18:17:19 INFO  : Context for 'APU' is selected.
18:17:19 INFO  : Hardware design information is loaded from 'D:/soc/hello_uart_tutorial/hello_uart_tutorial.sdk/design_1_wrapper_hw_platform_0/system.hdf'.
18:17:19 INFO  : 'configparams force-mem-access 1' command is executed.
18:17:19 INFO  : Context for 'APU' is selected.
18:17:19 INFO  : 'stop' command is executed.
18:17:19 ERROR : AP transaction error, DAP status f0000021
18:17:19 INFO  : ----------------XSDB Script----------------
connect -url tcp:127.0.0.1:3121
source D:/soc/hello_uart_tutorial/hello_uart_tutorial.sdk/design_1_wrapper_hw_platform_0/ps7_init.tcl
targets -set -nocase -filter {name =~"APU*" && jtag_cable_name =~ "Digilent Arty 210319A288EEA"} -index 0
loadhw -hw D:/soc/hello_uart_tutorial/hello_uart_tutorial.sdk/design_1_wrapper_hw_platform_0/system.hdf -mem-ranges [list {0x40000000 0xbfffffff}]
configparams force-mem-access 1
targets -set -nocase -filter {name =~"APU*" && jtag_cable_name =~ "Digilent Arty 210319A288EEA"} -index 0
stop
ps7_init
----------------End of Script----------------

18:17:42 INFO  : 'targets -set -filter {jtag_cable_name =~ "Digilent Arty 210319A288EEA" && level==0} -index 1' command is executed.
18:17:42 INFO  : 'fpga -state' command is executed.
18:17:42 INFO  : Connected to target on host '127.0.0.1' and port '3121'.
18:17:42 INFO  : Jtag cable 'Digilent Arty 210319A288EEA' is selected.
18:17:42 INFO  : 'jtag frequency' command is executed.
18:17:42 INFO  : Sourcing of 'D:/soc/hello_uart_tutorial/hello_uart_tutorial.sdk/design_1_wrapper_hw_platform_0/ps7_init.tcl' is done.
18:17:42 INFO  : Context for 'APU' is selected.
18:17:42 INFO  : Hardware design information is loaded from 'D:/soc/hello_uart_tutorial/hello_uart_tutorial.sdk/design_1_wrapper_hw_platform_0/system.hdf'.
18:17:42 INFO  : 'configparams force-mem-access 1' command is executed.
18:17:42 INFO  : Context for 'APU' is selected.
18:17:42 INFO  : 'stop' command is executed.
18:17:42 ERROR : AP transaction error, DAP status f0000021
18:17:42 INFO  : ----------------XSDB Script----------------
connect -url tcp:127.0.0.1:3121
source D:/soc/hello_uart_tutorial/hello_uart_tutorial.sdk/design_1_wrapper_hw_platform_0/ps7_init.tcl
targets -set -nocase -filter {name =~"APU*" && jtag_cable_name =~ "Digilent Arty 210319A288EEA"} -index 0
loadhw -hw D:/soc/hello_uart_tutorial/hello_uart_tutorial.sdk/design_1_wrapper_hw_platform_0/system.hdf -mem-ranges [list {0x40000000 0xbfffffff}]
configparams force-mem-access 1
targets -set -nocase -filter {name =~"APU*" && jtag_cable_name =~ "Digilent Arty 210319A288EEA"} -index 0
stop
ps7_init
----------------End of Script----------------

18:18:09 INFO  : Connected to target on host '127.0.0.1' and port '3121'.
18:18:09 INFO  : 'targets -set -filter {jtag_cable_name =~ "Digilent Arty 210319A288EEA" && level==0} -index 1' command is executed.
18:18:12 INFO  : FPGA configured successfully with bitstream "D:/soc/hello_uart_tutorial/hello_uart_tutorial.sdk/design_1_wrapper_hw_platform_0/design_1_wrapper.bit"
18:18:23 INFO  : 'targets -set -filter {jtag_cable_name =~ "Digilent Arty 210319A288EEA" && level==0} -index 1' command is executed.
18:18:23 INFO  : 'fpga -state' command is executed.
18:18:23 INFO  : Connected to target on host '127.0.0.1' and port '3121'.
18:18:23 INFO  : Jtag cable 'Digilent Arty 210319A288EEA' is selected.
18:18:23 INFO  : 'jtag frequency' command is executed.
18:18:23 INFO  : Sourcing of 'D:/soc/hello_uart_tutorial/hello_uart_tutorial.sdk/design_1_wrapper_hw_platform_0/ps7_init.tcl' is done.
18:18:23 INFO  : Context for 'APU' is selected.
18:18:23 INFO  : Hardware design information is loaded from 'D:/soc/hello_uart_tutorial/hello_uart_tutorial.sdk/design_1_wrapper_hw_platform_0/system.hdf'.
18:18:23 INFO  : 'configparams force-mem-access 1' command is executed.
18:18:23 INFO  : Context for 'APU' is selected.
18:18:23 INFO  : 'stop' command is executed.
18:18:25 INFO  : 'ps7_init' command is executed.
18:18:25 INFO  : 'ps7_post_config' command is executed.
18:18:25 INFO  : Context for processor 'ps7_cortexa9_0' is selected.
18:18:25 INFO  : Processor reset is completed for 'ps7_cortexa9_0'.
18:18:25 INFO  : Context for processor 'ps7_cortexa9_0' is selected.
18:18:27 ERROR : Memory write error at 0x100000. APB AP transaction error, DAP status f0000021
18:18:27 INFO  : ----------------XSDB Script----------------
connect -url tcp:127.0.0.1:3121
source D:/soc/hello_uart_tutorial/hello_uart_tutorial.sdk/design_1_wrapper_hw_platform_0/ps7_init.tcl
targets -set -nocase -filter {name =~"APU*" && jtag_cable_name =~ "Digilent Arty 210319A288EEA"} -index 0
loadhw -hw D:/soc/hello_uart_tutorial/hello_uart_tutorial.sdk/design_1_wrapper_hw_platform_0/system.hdf -mem-ranges [list {0x40000000 0xbfffffff}]
configparams force-mem-access 1
targets -set -nocase -filter {name =~"APU*" && jtag_cable_name =~ "Digilent Arty 210319A288EEA"} -index 0
stop
ps7_init
ps7_post_config
targets -set -nocase -filter {name =~ "ARM*#0" && jtag_cable_name =~ "Digilent Arty 210319A288EEA"} -index 0
rst -processor
targets -set -nocase -filter {name =~ "ARM*#0" && jtag_cable_name =~ "Digilent Arty 210319A288EEA"} -index 0
dow D:/soc/hello_uart_tutorial/hello_uart_tutorial.sdk/tutorial1/Debug/tutorial1.elf
----------------End of Script----------------

18:19:06 INFO  : 'targets -set -filter {jtag_cable_name =~ "Digilent Arty 210319A288EEA" && level==0} -index 1' command is executed.
18:19:06 INFO  : 'fpga -state' command is executed.
18:19:06 INFO  : Connected to target on host '127.0.0.1' and port '3121'.
18:19:06 INFO  : Jtag cable 'Digilent Arty 210319A288EEA' is selected.
18:19:06 INFO  : 'jtag frequency' command is executed.
18:19:06 INFO  : Sourcing of 'D:/soc/hello_uart_tutorial/hello_uart_tutorial.sdk/design_1_wrapper_hw_platform_0/ps7_init.tcl' is done.
18:19:06 INFO  : Context for 'APU' is selected.
18:19:06 INFO  : Hardware design information is loaded from 'D:/soc/hello_uart_tutorial/hello_uart_tutorial.sdk/design_1_wrapper_hw_platform_0/system.hdf'.
18:19:06 INFO  : 'configparams force-mem-access 1' command is executed.
18:19:06 INFO  : Context for 'APU' is selected.
18:19:06 INFO  : 'stop' command is executed.
18:19:06 ERROR : AP transaction error, DAP status f0000021
18:19:06 INFO  : ----------------XSDB Script----------------
connect -url tcp:127.0.0.1:3121
source D:/soc/hello_uart_tutorial/hello_uart_tutorial.sdk/design_1_wrapper_hw_platform_0/ps7_init.tcl
targets -set -nocase -filter {name =~"APU*" && jtag_cable_name =~ "Digilent Arty 210319A288EEA"} -index 0
loadhw -hw D:/soc/hello_uart_tutorial/hello_uart_tutorial.sdk/design_1_wrapper_hw_platform_0/system.hdf -mem-ranges [list {0x40000000 0xbfffffff}]
configparams force-mem-access 1
targets -set -nocase -filter {name =~"APU*" && jtag_cable_name =~ "Digilent Arty 210319A288EEA"} -index 0
stop
ps7_init
----------------End of Script----------------

18:20:05 INFO  : 'targets -set -filter {jtag_cable_name =~ "Digilent Arty 210319A288EEA" && level==0} -index 1' command is executed.
18:20:05 INFO  : 'fpga -state' command is executed.
18:20:05 INFO  : Connected to target on host '127.0.0.1' and port '3121'.
18:20:05 INFO  : Jtag cable 'Digilent Arty 210319A288EEA' is selected.
18:20:05 INFO  : 'jtag frequency' command is executed.
18:20:05 INFO  : Sourcing of 'D:/soc/hello_uart_tutorial/hello_uart_tutorial.sdk/design_1_wrapper_hw_platform_0/ps7_init.tcl' is done.
18:20:05 INFO  : Context for 'APU' is selected.
18:20:05 INFO  : Hardware design information is loaded from 'D:/soc/hello_uart_tutorial/hello_uart_tutorial.sdk/design_1_wrapper_hw_platform_0/system.hdf'.
18:20:05 INFO  : 'configparams force-mem-access 1' command is executed.
18:20:05 INFO  : Context for 'APU' is selected.
18:20:05 INFO  : 'stop' command is executed.
18:20:05 ERROR : AP transaction error, DAP status f0000021
18:20:05 INFO  : ----------------XSDB Script----------------
connect -url tcp:127.0.0.1:3121
source D:/soc/hello_uart_tutorial/hello_uart_tutorial.sdk/design_1_wrapper_hw_platform_0/ps7_init.tcl
targets -set -nocase -filter {name =~"APU*" && jtag_cable_name =~ "Digilent Arty 210319A288EEA"} -index 0
loadhw -hw D:/soc/hello_uart_tutorial/hello_uart_tutorial.sdk/design_1_wrapper_hw_platform_0/system.hdf -mem-ranges [list {0x40000000 0xbfffffff}]
configparams force-mem-access 1
targets -set -nocase -filter {name =~"APU*" && jtag_cable_name =~ "Digilent Arty 210319A288EEA"} -index 0
stop
ps7_init
----------------End of Script----------------

18:20:15 INFO  : 'targets -set -filter {jtag_cable_name =~ "Digilent Arty 210319A288EEA" && level==0} -index 1' command is executed.
18:20:15 INFO  : 'fpga -state' command is executed.
18:20:15 INFO  : Connected to target on host '127.0.0.1' and port '3121'.
18:20:15 INFO  : Jtag cable 'Digilent Arty 210319A288EEA' is selected.
18:20:15 INFO  : 'jtag frequency' command is executed.
18:20:15 INFO  : Sourcing of 'D:/soc/hello_uart_tutorial/hello_uart_tutorial.sdk/design_1_wrapper_hw_platform_0/ps7_init.tcl' is done.
18:20:15 INFO  : Context for 'APU' is selected.
18:20:15 INFO  : Hardware design information is loaded from 'D:/soc/hello_uart_tutorial/hello_uart_tutorial.sdk/design_1_wrapper_hw_platform_0/system.hdf'.
18:20:15 INFO  : 'configparams force-mem-access 1' command is executed.
18:20:15 INFO  : Context for 'APU' is selected.
18:20:15 INFO  : 'stop' command is executed.
18:20:15 ERROR : AP transaction error, DAP status f0000021
18:20:15 INFO  : ----------------XSDB Script----------------
connect -url tcp:127.0.0.1:3121
source D:/soc/hello_uart_tutorial/hello_uart_tutorial.sdk/design_1_wrapper_hw_platform_0/ps7_init.tcl
targets -set -nocase -filter {name =~"APU*" && jtag_cable_name =~ "Digilent Arty 210319A288EEA"} -index 0
loadhw -hw D:/soc/hello_uart_tutorial/hello_uart_tutorial.sdk/design_1_wrapper_hw_platform_0/system.hdf -mem-ranges [list {0x40000000 0xbfffffff}]
configparams force-mem-access 1
targets -set -nocase -filter {name =~"APU*" && jtag_cable_name =~ "Digilent Arty 210319A288EEA"} -index 0
stop
ps7_init
----------------End of Script----------------

18:22:23 INFO  : 'targets -set -filter {jtag_cable_name =~ "Digilent Arty 210319A288EEA" && level==0} -index 1' command is executed.
18:22:23 INFO  : 'fpga -state' command is executed.
18:22:23 INFO  : Connected to target on host '127.0.0.1' and port '3121'.
18:22:23 INFO  : Jtag cable 'Digilent Arty 210319A288EEA' is selected.
18:22:23 INFO  : 'jtag frequency' command is executed.
18:22:23 INFO  : Sourcing of 'D:/soc/hello_uart_tutorial/hello_uart_tutorial.sdk/design_1_wrapper_hw_platform_0/ps7_init.tcl' is done.
18:22:23 INFO  : Context for 'APU' is selected.
18:22:23 INFO  : Hardware design information is loaded from 'D:/soc/hello_uart_tutorial/hello_uart_tutorial.sdk/design_1_wrapper_hw_platform_0/system.hdf'.
18:22:23 INFO  : 'configparams force-mem-access 1' command is executed.
18:22:23 INFO  : Context for 'APU' is selected.
18:22:24 INFO  : 'stop' command is executed.
18:22:24 ERROR : AP transaction error, DAP status f0000021
18:22:24 INFO  : ----------------XSDB Script----------------
connect -url tcp:127.0.0.1:3121
source D:/soc/hello_uart_tutorial/hello_uart_tutorial.sdk/design_1_wrapper_hw_platform_0/ps7_init.tcl
targets -set -nocase -filter {name =~"APU*" && jtag_cable_name =~ "Digilent Arty 210319A288EEA"} -index 0
loadhw -hw D:/soc/hello_uart_tutorial/hello_uart_tutorial.sdk/design_1_wrapper_hw_platform_0/system.hdf -mem-ranges [list {0x40000000 0xbfffffff}]
configparams force-mem-access 1
targets -set -nocase -filter {name =~"APU*" && jtag_cable_name =~ "Digilent Arty 210319A288EEA"} -index 0
stop
ps7_init
----------------End of Script----------------

18:22:55 INFO  : Registering command handlers for SDK TCF services
18:22:55 INFO  : Launching XSCT server: xsct.bat -interactive D:\soc\hello_uart_tutorial\hello_uart_tutorial.sdk\temp_xsdb_launch_script.tcl
18:22:57 INFO  : XSCT server has started successfully.
18:22:58 INFO  : Successfully done setting XSCT server connection channel  
18:22:58 INFO  : Successfully done setting SDK workspace  
18:22:58 INFO  : Processing command line option -hwspec D:/soc/hello_uart_tutorial/hello_uart_tutorial.sdk/design_1_wrapper.hdf.
18:22:58 INFO  : Checking for hwspec changes in the project design_1_wrapper_hw_platform_0.
18:24:21 INFO  : 'targets -set -filter {jtag_cable_name =~ "Digilent Arty 210319A288EEA" && level==0} -index 1' command is executed.
18:24:21 INFO  : 'fpga -state' command is executed.
18:24:21 INFO  : Connected to target on host '127.0.0.1' and port '3121'.
18:24:21 INFO  : Jtag cable 'Digilent Arty 210319A288EEA' is selected.
18:24:21 INFO  : 'jtag frequency' command is executed.
18:24:21 INFO  : Sourcing of 'D:/soc/hello_uart_tutorial/hello_uart_tutorial.sdk/design_1_wrapper_hw_platform_0/ps7_init.tcl' is done.
18:24:24 ERROR : no targets found with "name =~"APU*" && jtag_cable_name =~ "Digilent Arty 210319A288EEA"". available targets:
  1  DAP (JTAG port open error. AP transaction error, DAP status 30000021)
  2* xc7z020
18:24:24 INFO  : ----------------XSDB Script----------------
connect -url tcp:127.0.0.1:3121
source D:/soc/hello_uart_tutorial/hello_uart_tutorial.sdk/design_1_wrapper_hw_platform_0/ps7_init.tcl
targets -set -nocase -filter {name =~"APU*" && jtag_cable_name =~ "Digilent Arty 210319A288EEA"} -index 0
----------------End of Script----------------

18:25:04 INFO  : 'targets -set -filter {jtag_cable_name =~ "Digilent Arty 210319A288EEA" && level==0} -index 1' command is executed.
18:25:04 INFO  : 'fpga -state' command is executed.
18:25:04 INFO  : Connected to target on host '127.0.0.1' and port '3121'.
18:25:05 INFO  : Jtag cable 'Digilent Arty 210319A288EEA' is selected.
18:25:05 INFO  : 'jtag frequency' command is executed.
18:25:05 INFO  : Sourcing of 'D:/soc/hello_uart_tutorial/hello_uart_tutorial.sdk/design_1_wrapper_hw_platform_0/ps7_init.tcl' is done.
18:25:05 INFO  : Context for 'APU' is selected.
18:25:05 INFO  : Hardware design information is loaded from 'D:/soc/hello_uart_tutorial/hello_uart_tutorial.sdk/design_1_wrapper_hw_platform_0/system.hdf'.
18:25:05 INFO  : 'configparams force-mem-access 1' command is executed.
18:25:05 INFO  : Context for 'APU' is selected.
18:25:05 INFO  : 'stop' command is executed.
18:25:05 INFO  : 'ps7_init' command is executed.
18:25:05 INFO  : 'ps7_post_config' command is executed.
18:25:05 INFO  : Context for processor 'ps7_cortexa9_0' is selected.
18:25:05 INFO  : Processor reset is completed for 'ps7_cortexa9_0'.
18:25:05 INFO  : Context for processor 'ps7_cortexa9_0' is selected.
18:25:05 INFO  : The application 'D:/soc/hello_uart_tutorial/hello_uart_tutorial.sdk/testing/Debug/testing.elf' is downloaded to processor 'ps7_cortexa9_0'.
18:25:05 INFO  : 'configparams force-mem-access 0' command is executed.
18:25:05 INFO  : ----------------XSDB Script----------------
connect -url tcp:127.0.0.1:3121
source D:/soc/hello_uart_tutorial/hello_uart_tutorial.sdk/design_1_wrapper_hw_platform_0/ps7_init.tcl
targets -set -nocase -filter {name =~"APU*" && jtag_cable_name =~ "Digilent Arty 210319A288EEA"} -index 0
loadhw -hw D:/soc/hello_uart_tutorial/hello_uart_tutorial.sdk/design_1_wrapper_hw_platform_0/system.hdf -mem-ranges [list {0x40000000 0xbfffffff}]
configparams force-mem-access 1
targets -set -nocase -filter {name =~"APU*" && jtag_cable_name =~ "Digilent Arty 210319A288EEA"} -index 0
stop
ps7_init
ps7_post_config
targets -set -nocase -filter {name =~ "ARM*#0" && jtag_cable_name =~ "Digilent Arty 210319A288EEA"} -index 0
rst -processor
targets -set -nocase -filter {name =~ "ARM*#0" && jtag_cable_name =~ "Digilent Arty 210319A288EEA"} -index 0
dow D:/soc/hello_uart_tutorial/hello_uart_tutorial.sdk/testing/Debug/testing.elf
configparams force-mem-access 0
----------------End of Script----------------

18:25:05 INFO  : Memory regions updated for context APU
18:25:05 INFO  : Context for processor 'ps7_cortexa9_0' is selected.
18:25:05 INFO  : 'con' command is executed.
18:25:05 INFO  : ----------------XSDB Script (After Launch)----------------
targets -set -nocase -filter {name =~ "ARM*#0" && jtag_cable_name =~ "Digilent Arty 210319A288EEA"} -index 0
con
----------------End of Script----------------

18:25:05 INFO  : Launch script is exported to file 'D:\soc\hello_uart_tutorial\hello_uart_tutorial.sdk\.sdk\launch_scripts\xilinx_c-c++_application_(system_debugger)\system_debugger_using_debug_testing.elf_on_local.tcl'
18:25:36 INFO  : Disconnected from the channel tcfchan#1.
18:25:37 INFO  : 'targets -set -filter {jtag_cable_name =~ "Digilent Arty 210319A288EEA" && level==0} -index 1' command is executed.
18:25:37 INFO  : 'fpga -state' command is executed.
18:25:37 INFO  : Connected to target on host '127.0.0.1' and port '3121'.
18:25:37 INFO  : Jtag cable 'Digilent Arty 210319A288EEA' is selected.
18:25:37 INFO  : 'jtag frequency' command is executed.
18:25:37 INFO  : Sourcing of 'D:/soc/hello_uart_tutorial/hello_uart_tutorial.sdk/design_1_wrapper_hw_platform_0/ps7_init.tcl' is done.
18:25:37 INFO  : Context for 'APU' is selected.
18:25:38 INFO  : Hardware design information is loaded from 'D:/soc/hello_uart_tutorial/hello_uart_tutorial.sdk/design_1_wrapper_hw_platform_0/system.hdf'.
18:25:38 INFO  : 'configparams force-mem-access 1' command is executed.
18:25:38 INFO  : Context for 'APU' is selected.
18:25:38 INFO  : 'stop' command is executed.
18:25:38 INFO  : 'ps7_init' command is executed.
18:25:38 INFO  : 'ps7_post_config' command is executed.
18:25:38 INFO  : Context for processor 'ps7_cortexa9_0' is selected.
18:25:39 INFO  : Processor reset is completed for 'ps7_cortexa9_0'.
18:25:39 INFO  : Context for processor 'ps7_cortexa9_0' is selected.
18:25:39 INFO  : The application 'D:/soc/hello_uart_tutorial/hello_uart_tutorial.sdk/testing/Debug/testing.elf' is downloaded to processor 'ps7_cortexa9_0'.
18:25:39 INFO  : 'configparams force-mem-access 0' command is executed.
18:25:39 INFO  : ----------------XSDB Script----------------
connect -url tcp:127.0.0.1:3121
source D:/soc/hello_uart_tutorial/hello_uart_tutorial.sdk/design_1_wrapper_hw_platform_0/ps7_init.tcl
targets -set -nocase -filter {name =~"APU*" && jtag_cable_name =~ "Digilent Arty 210319A288EEA"} -index 0
loadhw -hw D:/soc/hello_uart_tutorial/hello_uart_tutorial.sdk/design_1_wrapper_hw_platform_0/system.hdf -mem-ranges [list {0x40000000 0xbfffffff}]
configparams force-mem-access 1
targets -set -nocase -filter {name =~"APU*" && jtag_cable_name =~ "Digilent Arty 210319A288EEA"} -index 0
stop
ps7_init
ps7_post_config
targets -set -nocase -filter {name =~ "ARM*#0" && jtag_cable_name =~ "Digilent Arty 210319A288EEA"} -index 0
rst -processor
targets -set -nocase -filter {name =~ "ARM*#0" && jtag_cable_name =~ "Digilent Arty 210319A288EEA"} -index 0
dow D:/soc/hello_uart_tutorial/hello_uart_tutorial.sdk/testing/Debug/testing.elf
configparams force-mem-access 0
----------------End of Script----------------

18:25:39 INFO  : Memory regions updated for context APU
18:25:39 INFO  : Context for processor 'ps7_cortexa9_0' is selected.
18:25:39 INFO  : 'con' command is executed.
18:25:39 INFO  : ----------------XSDB Script (After Launch)----------------
targets -set -nocase -filter {name =~ "ARM*#0" && jtag_cable_name =~ "Digilent Arty 210319A288EEA"} -index 0
con
----------------End of Script----------------

18:25:39 INFO  : Launch script is exported to file 'D:\soc\hello_uart_tutorial\hello_uart_tutorial.sdk\.sdk\launch_scripts\xilinx_c-c++_application_(system_debugger)\system_debugger_using_debug_testing.elf_on_local.tcl'
18:25:59 INFO  : Connected to target on host '127.0.0.1' and port '3121'.
18:25:59 INFO  : 'targets -set -filter {jtag_cable_name =~ "Digilent Arty 210319A288EEA" && level==0} -index 1' command is executed.
18:26:02 INFO  : FPGA configured successfully with bitstream "D:/soc/hello_uart_tutorial/hello_uart_tutorial.sdk/design_1_wrapper_hw_platform_0/design_1_wrapper.bit"
18:26:21 INFO  : Disconnected from the channel tcfchan#2.
18:26:23 INFO  : 'targets -set -filter {jtag_cable_name =~ "Digilent Arty 210319A288EEA" && level==0} -index 1' command is executed.
18:26:23 INFO  : 'fpga -state' command is executed.
18:26:23 INFO  : Connected to target on host '127.0.0.1' and port '3121'.
18:26:23 INFO  : Jtag cable 'Digilent Arty 210319A288EEA' is selected.
18:26:23 INFO  : 'jtag frequency' command is executed.
18:26:23 INFO  : Sourcing of 'D:/soc/hello_uart_tutorial/hello_uart_tutorial.sdk/design_1_wrapper_hw_platform_0/ps7_init.tcl' is done.
18:26:23 INFO  : Context for 'APU' is selected.
18:26:24 INFO  : Hardware design information is loaded from 'D:/soc/hello_uart_tutorial/hello_uart_tutorial.sdk/design_1_wrapper_hw_platform_0/system.hdf'.
18:26:24 INFO  : 'configparams force-mem-access 1' command is executed.
18:26:24 INFO  : Context for 'APU' is selected.
18:26:25 INFO  : 'stop' command is executed.
18:26:26 INFO  : 'ps7_init' command is executed.
18:26:26 INFO  : 'ps7_post_config' command is executed.
18:26:26 INFO  : Context for processor 'ps7_cortexa9_0' is selected.
18:26:26 INFO  : Processor reset is completed for 'ps7_cortexa9_0'.
18:26:26 INFO  : Context for processor 'ps7_cortexa9_0' is selected.
18:26:28 ERROR : Memory write error at 0x100000. AP transaction timeout
18:26:28 INFO  : ----------------XSDB Script----------------
connect -url tcp:127.0.0.1:3121
source D:/soc/hello_uart_tutorial/hello_uart_tutorial.sdk/design_1_wrapper_hw_platform_0/ps7_init.tcl
targets -set -nocase -filter {name =~"APU*" && jtag_cable_name =~ "Digilent Arty 210319A288EEA"} -index 0
loadhw -hw D:/soc/hello_uart_tutorial/hello_uart_tutorial.sdk/design_1_wrapper_hw_platform_0/system.hdf -mem-ranges [list {0x40000000 0xbfffffff}]
configparams force-mem-access 1
targets -set -nocase -filter {name =~"APU*" && jtag_cable_name =~ "Digilent Arty 210319A288EEA"} -index 0
stop
ps7_init
ps7_post_config
targets -set -nocase -filter {name =~ "ARM*#0" && jtag_cable_name =~ "Digilent Arty 210319A288EEA"} -index 0
rst -processor
targets -set -nocase -filter {name =~ "ARM*#0" && jtag_cable_name =~ "Digilent Arty 210319A288EEA"} -index 0
dow D:/soc/hello_uart_tutorial/hello_uart_tutorial.sdk/testing/Debug/testing.elf
----------------End of Script----------------

18:27:43 INFO  : 'targets -set -filter {jtag_cable_name =~ "Digilent Arty 210319A288EEA" && level==0} -index 1' command is executed.
18:27:43 INFO  : 'fpga -state' command is executed.
18:27:43 INFO  : Connected to target on host '127.0.0.1' and port '3121'.
18:27:43 INFO  : Jtag cable 'Digilent Arty 210319A288EEA' is selected.
18:27:43 INFO  : 'jtag frequency' command is executed.
18:27:43 INFO  : Sourcing of 'D:/soc/hello_uart_tutorial/hello_uart_tutorial.sdk/design_1_wrapper_hw_platform_0/ps7_init.tcl' is done.
18:27:43 INFO  : Context for 'APU' is selected.
18:27:43 INFO  : Hardware design information is loaded from 'D:/soc/hello_uart_tutorial/hello_uart_tutorial.sdk/design_1_wrapper_hw_platform_0/system.hdf'.
18:27:43 INFO  : 'configparams force-mem-access 1' command is executed.
18:27:43 INFO  : Context for 'APU' is selected.
18:27:43 INFO  : 'stop' command is executed.
18:27:43 ERROR : AP transaction error, DAP status f0000021
18:27:43 INFO  : ----------------XSDB Script----------------
connect -url tcp:127.0.0.1:3121
source D:/soc/hello_uart_tutorial/hello_uart_tutorial.sdk/design_1_wrapper_hw_platform_0/ps7_init.tcl
targets -set -nocase -filter {name =~"APU*" && jtag_cable_name =~ "Digilent Arty 210319A288EEA"} -index 0
loadhw -hw D:/soc/hello_uart_tutorial/hello_uart_tutorial.sdk/design_1_wrapper_hw_platform_0/system.hdf -mem-ranges [list {0x40000000 0xbfffffff}]
configparams force-mem-access 1
targets -set -nocase -filter {name =~"APU*" && jtag_cable_name =~ "Digilent Arty 210319A288EEA"} -index 0
stop
ps7_init
----------------End of Script----------------

18:31:29 INFO  : Registering command handlers for SDK TCF services
18:31:29 INFO  : Launching XSCT server: xsct.bat -interactive D:\soc\hello_uart_tutorial\hello_uart_tutorial.sdk\temp_xsdb_launch_script.tcl
18:31:31 INFO  : XSCT server has started successfully.
18:31:31 INFO  : Successfully done setting XSCT server connection channel  
18:31:31 INFO  : Successfully done setting SDK workspace  
18:31:31 INFO  : Processing command line option -hwspec D:/soc/hello_uart_tutorial/hello_uart_tutorial.sdk/design_1_wrapper.hdf.
18:31:59 INFO  : Connected to target on host '127.0.0.1' and port '3121'.
18:32:00 INFO  : 'targets -set -filter {jtag_cable_name =~ "Digilent Arty 210319A288EEA" && level==0} -index 1' command is executed.
18:32:02 INFO  : FPGA configured successfully with bitstream "D:/soc/hello_uart_tutorial/hello_uart_tutorial.sdk/design_1_wrapper_hw_platform_1/design_1_wrapper.bit"
18:36:57 INFO  : 'targets -set -filter {jtag_cable_name =~ "Digilent Arty 210319A288EEA" && level==0} -index 1' command is executed.
18:36:57 INFO  : 'fpga -state' command is executed.
18:36:57 INFO  : Connected to target on host '127.0.0.1' and port '3121'.
18:36:58 INFO  : Jtag cable 'Digilent Arty 210319A288EEA' is selected.
18:36:58 INFO  : 'jtag frequency' command is executed.
18:36:58 INFO  : Sourcing of 'D:/soc/hello_uart_tutorial/hello_uart_tutorial.sdk/design_1_wrapper_hw_platform_0/ps7_init.tcl' is done.
18:36:58 INFO  : Context for 'APU' is selected.
18:36:58 INFO  : Hardware design information is loaded from 'D:/soc/hello_uart_tutorial/hello_uart_tutorial.sdk/design_1_wrapper_hw_platform_0/system.hdf'.
18:36:58 INFO  : 'configparams force-mem-access 1' command is executed.
18:36:58 INFO  : Context for 'APU' is selected.
18:36:58 INFO  : 'stop' command is executed.
18:36:58 INFO  : 'ps7_init' command is executed.
18:36:58 INFO  : 'ps7_post_config' command is executed.
18:36:58 INFO  : Context for processor 'ps7_cortexa9_0' is selected.
18:36:58 INFO  : Processor reset is completed for 'ps7_cortexa9_0'.
18:36:58 INFO  : Context for processor 'ps7_cortexa9_0' is selected.
18:36:58 INFO  : The application 'D:/soc/hello_uart_tutorial/hello_uart_tutorial.sdk/hello_uart_1/Debug/hello_uart_1.elf' is downloaded to processor 'ps7_cortexa9_0'.
18:36:58 INFO  : 'configparams force-mem-access 0' command is executed.
18:36:58 INFO  : ----------------XSDB Script----------------
connect -url tcp:127.0.0.1:3121
source D:/soc/hello_uart_tutorial/hello_uart_tutorial.sdk/design_1_wrapper_hw_platform_0/ps7_init.tcl
targets -set -nocase -filter {name =~"APU*" && jtag_cable_name =~ "Digilent Arty 210319A288EEA"} -index 0
loadhw -hw D:/soc/hello_uart_tutorial/hello_uart_tutorial.sdk/design_1_wrapper_hw_platform_0/system.hdf -mem-ranges [list {0x40000000 0xbfffffff}]
configparams force-mem-access 1
targets -set -nocase -filter {name =~"APU*" && jtag_cable_name =~ "Digilent Arty 210319A288EEA"} -index 0
stop
ps7_init
ps7_post_config
targets -set -nocase -filter {name =~ "ARM*#0" && jtag_cable_name =~ "Digilent Arty 210319A288EEA"} -index 0
rst -processor
targets -set -nocase -filter {name =~ "ARM*#0" && jtag_cable_name =~ "Digilent Arty 210319A288EEA"} -index 0
dow D:/soc/hello_uart_tutorial/hello_uart_tutorial.sdk/hello_uart_1/Debug/hello_uart_1.elf
configparams force-mem-access 0
----------------End of Script----------------

18:36:58 INFO  : Memory regions updated for context APU
18:36:58 INFO  : Context for processor 'ps7_cortexa9_0' is selected.
18:36:58 INFO  : 'con' command is executed.
18:36:58 INFO  : ----------------XSDB Script (After Launch)----------------
targets -set -nocase -filter {name =~ "ARM*#0" && jtag_cable_name =~ "Digilent Arty 210319A288EEA"} -index 0
con
----------------End of Script----------------

18:36:58 INFO  : Launch script is exported to file 'D:\soc\hello_uart_tutorial\hello_uart_tutorial.sdk\.sdk\launch_scripts\xilinx_c-c++_application_(system_debugger)\system_debugger_using_debug_hello_uart_1.elf_on_local.tcl'
18:37:14 INFO  : Disconnected from the channel tcfchan#1.
18:37:15 INFO  : 'targets -set -filter {jtag_cable_name =~ "Digilent Arty 210319A288EEA" && level==0} -index 1' command is executed.
18:37:15 INFO  : 'fpga -state' command is executed.
18:37:15 INFO  : Connected to target on host '127.0.0.1' and port '3121'.
18:37:15 INFO  : Jtag cable 'Digilent Arty 210319A288EEA' is selected.
18:37:15 INFO  : 'jtag frequency' command is executed.
18:37:15 INFO  : Sourcing of 'D:/soc/hello_uart_tutorial/hello_uart_tutorial.sdk/design_1_wrapper_hw_platform_0/ps7_init.tcl' is done.
18:37:15 INFO  : Context for 'APU' is selected.
18:37:15 INFO  : Hardware design information is loaded from 'D:/soc/hello_uart_tutorial/hello_uart_tutorial.sdk/design_1_wrapper_hw_platform_0/system.hdf'.
18:37:15 INFO  : 'configparams force-mem-access 1' command is executed.
18:37:15 INFO  : Context for 'APU' is selected.
18:37:15 INFO  : 'stop' command is executed.
18:37:16 INFO  : 'ps7_init' command is executed.
18:37:16 INFO  : 'ps7_post_config' command is executed.
18:37:16 INFO  : Context for processor 'ps7_cortexa9_0' is selected.
18:37:16 INFO  : Processor reset is completed for 'ps7_cortexa9_0'.
18:37:16 INFO  : Context for processor 'ps7_cortexa9_0' is selected.
18:37:16 INFO  : The application 'D:/soc/hello_uart_tutorial/hello_uart_tutorial.sdk/hello_uart_1/Debug/hello_uart_1.elf' is downloaded to processor 'ps7_cortexa9_0'.
18:37:16 INFO  : 'configparams force-mem-access 0' command is executed.
18:37:16 INFO  : ----------------XSDB Script----------------
connect -url tcp:127.0.0.1:3121
source D:/soc/hello_uart_tutorial/hello_uart_tutorial.sdk/design_1_wrapper_hw_platform_0/ps7_init.tcl
targets -set -nocase -filter {name =~"APU*" && jtag_cable_name =~ "Digilent Arty 210319A288EEA"} -index 0
loadhw -hw D:/soc/hello_uart_tutorial/hello_uart_tutorial.sdk/design_1_wrapper_hw_platform_0/system.hdf -mem-ranges [list {0x40000000 0xbfffffff}]
configparams force-mem-access 1
targets -set -nocase -filter {name =~"APU*" && jtag_cable_name =~ "Digilent Arty 210319A288EEA"} -index 0
stop
ps7_init
ps7_post_config
targets -set -nocase -filter {name =~ "ARM*#0" && jtag_cable_name =~ "Digilent Arty 210319A288EEA"} -index 0
rst -processor
targets -set -nocase -filter {name =~ "ARM*#0" && jtag_cable_name =~ "Digilent Arty 210319A288EEA"} -index 0
dow D:/soc/hello_uart_tutorial/hello_uart_tutorial.sdk/hello_uart_1/Debug/hello_uart_1.elf
configparams force-mem-access 0
----------------End of Script----------------

18:37:16 INFO  : Memory regions updated for context APU
18:37:16 INFO  : Context for processor 'ps7_cortexa9_0' is selected.
18:37:16 INFO  : 'con' command is executed.
18:37:16 INFO  : ----------------XSDB Script (After Launch)----------------
targets -set -nocase -filter {name =~ "ARM*#0" && jtag_cable_name =~ "Digilent Arty 210319A288EEA"} -index 0
con
----------------End of Script----------------

18:37:16 INFO  : Launch script is exported to file 'D:\soc\hello_uart_tutorial\hello_uart_tutorial.sdk\.sdk\launch_scripts\xilinx_c-c++_application_(system_debugger)\system_debugger_using_debug_hello_uart_1.elf_on_local.tcl'
18:38:28 INFO  : Disconnected from the channel tcfchan#2.
18:38:29 INFO  : 'targets -set -filter {jtag_cable_name =~ "Digilent Arty 210319A288EEA" && level==0} -index 1' command is executed.
18:38:29 INFO  : 'fpga -state' command is executed.
18:38:29 INFO  : Connected to target on host '127.0.0.1' and port '3121'.
18:38:29 INFO  : Jtag cable 'Digilent Arty 210319A288EEA' is selected.
18:38:29 INFO  : 'jtag frequency' command is executed.
18:38:29 INFO  : Sourcing of 'D:/soc/hello_uart_tutorial/hello_uart_tutorial.sdk/design_1_wrapper_hw_platform_0/ps7_init.tcl' is done.
18:38:29 INFO  : Context for 'APU' is selected.
18:38:29 INFO  : Hardware design information is loaded from 'D:/soc/hello_uart_tutorial/hello_uart_tutorial.sdk/design_1_wrapper_hw_platform_0/system.hdf'.
18:38:29 INFO  : 'configparams force-mem-access 1' command is executed.
18:38:29 INFO  : Context for 'APU' is selected.
18:38:29 INFO  : 'stop' command is executed.
18:38:29 INFO  : 'ps7_init' command is executed.
18:38:29 INFO  : 'ps7_post_config' command is executed.
18:38:29 INFO  : Context for processor 'ps7_cortexa9_0' is selected.
18:38:29 INFO  : Processor reset is completed for 'ps7_cortexa9_0'.
18:38:29 INFO  : Context for processor 'ps7_cortexa9_0' is selected.
18:38:29 INFO  : The application 'D:/soc/hello_uart_tutorial/hello_uart_tutorial.sdk/hello_uart_1/Debug/hello_uart_1.elf' is downloaded to processor 'ps7_cortexa9_0'.
18:38:29 INFO  : 'configparams force-mem-access 0' command is executed.
18:38:29 INFO  : ----------------XSDB Script----------------
connect -url tcp:127.0.0.1:3121
source D:/soc/hello_uart_tutorial/hello_uart_tutorial.sdk/design_1_wrapper_hw_platform_0/ps7_init.tcl
targets -set -nocase -filter {name =~"APU*" && jtag_cable_name =~ "Digilent Arty 210319A288EEA"} -index 0
loadhw -hw D:/soc/hello_uart_tutorial/hello_uart_tutorial.sdk/design_1_wrapper_hw_platform_0/system.hdf -mem-ranges [list {0x40000000 0xbfffffff}]
configparams force-mem-access 1
targets -set -nocase -filter {name =~"APU*" && jtag_cable_name =~ "Digilent Arty 210319A288EEA"} -index 0
stop
ps7_init
ps7_post_config
targets -set -nocase -filter {name =~ "ARM*#0" && jtag_cable_name =~ "Digilent Arty 210319A288EEA"} -index 0
rst -processor
targets -set -nocase -filter {name =~ "ARM*#0" && jtag_cable_name =~ "Digilent Arty 210319A288EEA"} -index 0
dow D:/soc/hello_uart_tutorial/hello_uart_tutorial.sdk/hello_uart_1/Debug/hello_uart_1.elf
configparams force-mem-access 0
----------------End of Script----------------

18:38:30 INFO  : Memory regions updated for context APU
18:38:30 INFO  : Context for processor 'ps7_cortexa9_0' is selected.
18:38:30 INFO  : 'con' command is executed.
18:38:30 INFO  : ----------------XSDB Script (After Launch)----------------
targets -set -nocase -filter {name =~ "ARM*#0" && jtag_cable_name =~ "Digilent Arty 210319A288EEA"} -index 0
con
----------------End of Script----------------

18:38:30 INFO  : Launch script is exported to file 'D:\soc\hello_uart_tutorial\hello_uart_tutorial.sdk\.sdk\launch_scripts\xilinx_c-c++_application_(system_debugger)\system_debugger_using_debug_hello_uart_1.elf_on_local.tcl'
18:39:17 INFO  : Disconnected from the channel tcfchan#3.
